"リクエストID","時間","プロセス名","処理リクエスト数","処理時間が閾値を超えたリクエスト数","処理時間（平均）","処理時間（中央値）","処理時間（最大値）"
"RGH6AAM105","16","12","4","0","68","66","80"
"RGH6AAM105","17","12","24","0","121","156","161"
"RGH6AAR302","16","12","1","0","49","49","49"
"RGH6AAR302","17","12","11","0","98","142","146"
"RGH6AAR402","16","12","3","0","47","47","48"
"RGH6AAR402","17","12","23","0","104","141","146"
