"リクエストID","年月","プロセス名","処理リクエスト数","処理時間が閾値を超えたリクエスト数","処理時間（平均）","処理時間（中央値）","処理時間（最大値）"
"RGH6AAM105","201209","11","264","4","128","116","1745"
"RGH6AAR302","201209","11","62","1","115","95","1440"
"RGH6AAR402","201209","11","268","5","150","98","11024"
"RGH6AAR499","201209","11","2","1","10000050","10000050","20000000"
