"リクエストID","日","プロセス名","処理リクエスト数","処理時間が閾値を超えたリクエスト数","処理時間（平均）","処理時間（中央値）","処理時間（最大値）"
"RGH6AAM105","3","12","13","0","64","64","80"
"RGH6AAM105","11","12","15","0","157","158","161"
"RGH6AAR302","3","12","6","0","45","46","49"
"RGH6AAR302","11","12","6","0","143","143","146"
"RGH6AAR402","3","12","12","0","46","47","51"
"RGH6AAR402","11","12","14","0","142","142","146"
