"リクエストID","年月","プロセス名","処理リクエスト数","処理時間が閾値を超えたリクエスト数","処理時間（平均）","処理時間（中央値）","処理時間（最大値）"
"RGH6AAM105","201209","12","28","0","114","155","161"
"RGH6AAR302","201209","12","12","0","94","95","146"
"RGH6AAR402","201209","12","26","0","98","140","146"
