"リクエストID","時間","プロセス名","処理リクエスト数","処理時間が閾値を超えたリクエスト数","処理時間（平均）","処理時間（中央値）","処理時間（最大値）"
"RGH6AAM105","16","11","46","0","118","158","180"
"RGH6AAM105","17","11","218","4","130","69","1745"
"RGH6AAR302","0","11","1","0","44","44","44"
"RGH6AAR302","16","11","23","1","153","143","1440"
"RGH6AAR302","17","11","39","0","93","48","148"
"RGH6AAR402","0","11","1","0","45","45","45"
"RGH6AAR402","16","11","49","3","366","143","11024"
"RGH6AAR402","17","11","219","2","102","48","1409"
"RGH6AAR499","16","11","2","1","10000050","10000050","20000000"
