"リクエストID","日","プロセス名","処理リクエスト数","処理時間が閾値を超えたリクエスト数","処理時間（平均）","処理時間（中央値）","処理時間（最大値）"
"RGH6AAM105","3","11","133","0","65","59","745"
"RGH6AAM105","11","11","131","4","193","160","1745"
"RGH6AAR302","3","11","31","0","44","44","48"
"RGH6AAR302","11","11","31","1","186","145","1440"
"RGH6AAR302","31","11","1","0","44","44","44"
"RGH6AAR402","3","11","134","0","44","43","57"
"RGH6AAR402","4","11","1","1","1024","1024","1024"
"RGH6AAR402","11","11","133","4","251","144","11024"
"RGH6AAR402","31","11","1","0","45","45","45"
"RGH6AAR499","11","11","2","1","10000050","10000050","20000000"
